Archive member included to satisfy reference by file (symbol)

c:/ac6/systemworkbench/plugins/fr.ac6.mcu.externaltools.arm-none.win32_1.15.0.201708311556/tools/compiler/bin/../lib/gcc/arm-none-eabi/6.3.1/thumb/v7e-m/fpv4-sp/hard\libgcc.a(_arm_addsubdf3.o)
                              Src/ltc_68xx.o (__aeabi_dsub)
c:/ac6/systemworkbench/plugins/fr.ac6.mcu.externaltools.arm-none.win32_1.15.0.201708311556/tools/compiler/bin/../lib/gcc/arm-none-eabi/6.3.1/thumb/v7e-m/fpv4-sp/hard\libgcc.a(_arm_muldivdf3.o)
                              Src/ltc_68xx.o (__aeabi_dmul)
c:/ac6/systemworkbench/plugins/fr.ac6.mcu.externaltools.arm-none.win32_1.15.0.201708311556/tools/compiler/bin/../lib/gcc/arm-none-eabi/6.3.1/thumb/v7e-m/fpv4-sp/hard\libgcc.a(_arm_truncdfsf2.o)
                              Src/ltc_68xx.o (__aeabi_d2f)
c:/ac6/systemworkbench/plugins/fr.ac6.mcu.externaltools.arm-none.win32_1.15.0.201708311556/tools/compiler/bin/../lib/gcc/arm-none-eabi/6.3.1/../../../../arm-none-eabi/lib/thumb/v7e-m/fpv4-sp/hard\libc_nano.a(lib_a-exit.o)
                              c:/ac6/systemworkbench/plugins/fr.ac6.mcu.externaltools.arm-none.win32_1.15.0.201708311556/tools/compiler/bin/../lib/gcc/arm-none-eabi/6.3.1/../../../../arm-none-eabi/lib/thumb/v7e-m/fpv4-sp/hard/crt0.o (exit)
c:/ac6/systemworkbench/plugins/fr.ac6.mcu.externaltools.arm-none.win32_1.15.0.201708311556/tools/compiler/bin/../lib/gcc/arm-none-eabi/6.3.1/../../../../arm-none-eabi/lib/thumb/v7e-m/fpv4-sp/hard\libc_nano.a(lib_a-impure.o)
                              c:/ac6/systemworkbench/plugins/fr.ac6.mcu.externaltools.arm-none.win32_1.15.0.201708311556/tools/compiler/bin/../lib/gcc/arm-none-eabi/6.3.1/../../../../arm-none-eabi/lib/thumb/v7e-m/fpv4-sp/hard\libc_nano.a(lib_a-exit.o) (_global_impure_ptr)
c:/ac6/systemworkbench/plugins/fr.ac6.mcu.externaltools.arm-none.win32_1.15.0.201708311556/tools/compiler/bin/../lib/gcc/arm-none-eabi/6.3.1/../../../../arm-none-eabi/lib/thumb/v7e-m/fpv4-sp/hard\libc_nano.a(lib_a-init.o)
                              c:/ac6/systemworkbench/plugins/fr.ac6.mcu.externaltools.arm-none.win32_1.15.0.201708311556/tools/compiler/bin/../lib/gcc/arm-none-eabi/6.3.1/../../../../arm-none-eabi/lib/thumb/v7e-m/fpv4-sp/hard/crt0.o (__libc_init_array)
c:/ac6/systemworkbench/plugins/fr.ac6.mcu.externaltools.arm-none.win32_1.15.0.201708311556/tools/compiler/bin/../lib/gcc/arm-none-eabi/6.3.1/../../../../arm-none-eabi/lib/thumb/v7e-m/fpv4-sp/hard\libc_nano.a(lib_a-memset.o)
                              c:/ac6/systemworkbench/plugins/fr.ac6.mcu.externaltools.arm-none.win32_1.15.0.201708311556/tools/compiler/bin/../lib/gcc/arm-none-eabi/6.3.1/../../../../arm-none-eabi/lib/thumb/v7e-m/fpv4-sp/hard/crt0.o (memset)
c:/ac6/systemworkbench/plugins/fr.ac6.mcu.externaltools.arm-none.win32_1.15.0.201708311556/tools/compiler/bin/../lib/gcc/arm-none-eabi/6.3.1/../../../../arm-none-eabi/lib/thumb/v7e-m/fpv4-sp/hard\libnosys.a(_exit.o)
                              c:/ac6/systemworkbench/plugins/fr.ac6.mcu.externaltools.arm-none.win32_1.15.0.201708311556/tools/compiler/bin/../lib/gcc/arm-none-eabi/6.3.1/../../../../arm-none-eabi/lib/thumb/v7e-m/fpv4-sp/hard\libc_nano.a(lib_a-exit.o) (_exit)

Allocating common symbols
Common symbol       size              file

min_v               0x2               Src/main.o
adcBuffer           0x4               Src/main.o
hcan                0x44              Src/main.o
cell_temperatures   0x1b0             Src/main.o
uwTick              0x4               Drivers/STM32F3xx_HAL_Driver/Src/stm32f3xx_hal.o
pFlash              0x20              Drivers/STM32F3xx_HAL_Driver/Src/stm32f3xx_hal_flash.o
max_v               0x2               Src/main.o
hadc1               0x54              Src/main.o
avg_v               0x2               Src/main.o
cell_temperatures_vector
                    0xd8              Src/main.o
cell_voltages_vector
                    0xd8              Src/main.o
tsONfilter          0x28              Src/main.o
cell_voltages       0x1b0             Src/main.o
max_t               0x2               Src/main.o
hspi1               0x64              Src/main.o
RxMsg               0x24              Src/main.o
avg_t               0x2               Src/main.o
pack_v              0x4               Src/main.o
TxMsg               0x1c              Src/main.o

Discarded input sections

 .text          0x00000000        0x0 c:/ac6/systemworkbench/plugins/fr.ac6.mcu.externaltools.arm-none.win32_1.15.0.201708311556/tools/compiler/bin/../lib/gcc/arm-none-eabi/6.3.1/thumb/v7e-m/fpv4-sp/hard/crti.o
 .data          0x00000000        0x0 c:/ac6/systemworkbench/plugins/fr.ac6.mcu.externaltools.arm-none.win32_1.15.0.201708311556/tools/compiler/bin/../lib/gcc/arm-none-eabi/6.3.1/thumb/v7e-m/fpv4-sp/hard/crti.o
 .bss           0x00000000        0x0 c:/ac6/systemworkbench/plugins/fr.ac6.mcu.externaltools.arm-none.win32_1.15.0.201708311556/tools/compiler/bin/../lib/gcc/arm-none-eabi/6.3.1/thumb/v7e-m/fpv4-sp/hard/crti.o
[...]
Memory Configuration

Name             Origin             Length             Attributes
RAM              0x20000000         0x00003000         xrw
CCMRAM           0x10000000         0x00001000         rw
FLASH            0x08000000         0x00010000         xr
*default*        0x00000000         0xffffffff

Linker script and memory map

LOAD c:/ac6/systemworkbench/plugins/fr.ac6.mcu.externaltools.arm-none.win32_1.15.0.201708311556/tools/compiler/bin/../lib/gcc/arm-none-eabi/6.3.1/thumb/v7e-m/fpv4-sp/hard/crti.o
LOAD c:/ac6/systemworkbench/plugins/fr.ac6.mcu.externaltools.arm-none.win32_1.15.0.201708311556/tools/compiler/bin/../lib/gcc/arm-none-eabi/6.3.1/thumb/v7e-m/fpv4-sp/hard/crtbegin.o
LOAD c:/ac6/systemworkbench/plugins/fr.ac6.mcu.externaltools.arm-none.win32_1.15.0.201708311556/tools/compiler/bin/../lib/gcc/arm-none-eabi/6.3.1/../../../../arm-none-eabi/lib/thumb/v7e-m/fpv4-sp/hard/crt0.o
LOAD Drivers/STM32F3xx_HAL_Driver/Src/stm32f3xx_hal.o
LOAD Drivers/STM32F3xx_HAL_Driver/Src/stm32f3xx_hal_adc.o
LOAD Drivers/STM32F3xx_HAL_Driver/Src/stm32f3xx_hal_adc_ex.o
LOAD Drivers/STM32F3xx_HAL_Driver/Src/stm32f3xx_hal_can.o
LOAD Drivers/STM32F3xx_HAL_Driver/Src/stm32f3xx_hal_cortex.o
LOAD Drivers/STM32F3xx_HAL_Driver/Src/stm32f3xx_hal_dma.o
LOAD Drivers/STM32F3xx_HAL_Driver/Src/stm32f3xx_hal_flash.o
LOAD Drivers/STM32F3xx_HAL_Driver/Src/stm32f3xx_hal_flash_ex.o
LOAD Drivers/STM32F3xx_HAL_Driver/Src/stm32f3xx_hal_gpio.o
LOAD Drivers/STM32F3xx_HAL_Driver/Src/stm32f3xx_hal_i2c.o
LOAD Drivers/STM32F3xx_HAL_Driver/Src/stm32f3xx_hal_i2c_ex.o
LOAD Drivers/STM32F3xx_HAL_Driver/Src/stm32f3xx_hal_pwr.o
LOAD Drivers/STM32F3xx_HAL_Driver/Src/stm32f3xx_hal_pwr_ex.o
LOAD Drivers/STM32F3xx_HAL_Driver/Src/stm32f3xx_hal_rcc.o
LOAD Drivers/STM32F3xx_HAL_Driver/Src/stm32f3xx_hal_rcc_ex.o
LOAD Drivers/STM32F3xx_HAL_Driver/Src/stm32f3xx_hal_spi.o
LOAD Drivers/STM32F3xx_HAL_Driver/Src/stm32f3xx_hal_spi_ex.o
LOAD Drivers/STM32F3xx_HAL_Driver/Src/stm32f3xx_hal_tim.o
LOAD Drivers/STM32F3xx_HAL_Driver/Src/stm32f3xx_hal_tim_ex.o
LOAD Drivers/current_sensor.o
LOAD Src/ltc_68xx.o
LOAD Src/main.o
LOAD Src/stm32f3xx_hal_msp.o
LOAD Src/stm32f3xx_it.o
LOAD Src/system_stm32f3xx.o
LOAD startup/startup_stm32f334x8.o
LOAD c:/ac6/systemworkbench/plugins/fr.ac6.mcu.externaltools.arm-none.win32_1.15.0.201708311556/tools/compiler/bin/../lib/gcc/arm-none-eabi/6.3.1/../../../../arm-none-eabi/lib/thumb/v7e-m/fpv4-sp/hard\libm.a
START GROUP
LOAD c:/ac6/systemworkbench/plugins/fr.ac6.mcu.externaltools.arm-none.win32_1.15.0.201708311556/tools/compiler/bin/../lib/gcc/arm-none-eabi/6.3.1/thumb/v7e-m/fpv4-sp/hard\libgcc.a
LOAD c:/ac6/systemworkbench/plugins/fr.ac6.mcu.externaltools.arm-none.win32_1.15.0.201708311556/tools/compiler/bin/../lib/gcc/arm-none-eabi/6.3.1/../../../../arm-none-eabi/lib/thumb/v7e-m/fpv4-sp/hard\libc_nano.a
END GROUP
START GROUP
LOAD c:/ac6/systemworkbench/plugins/fr.ac6.mcu.externaltools.arm-none.win32_1.15.0.201708311556/tools/compiler/bin/../lib/gcc/arm-none-eabi/6.3.1/thumb/v7e-m/fpv4-sp/hard\libgcc.a
LOAD c:/ac6/systemworkbench/plugins/fr.ac6.mcu.externaltools.arm-none.win32_1.15.0.201708311556/tools/compiler/bin/../lib/gcc/arm-none-eabi/6.3.1/../../../../arm-none-eabi/lib/thumb/v7e-m/fpv4-sp/hard\libc_nano.a
LOAD c:/ac6/systemworkbench/plugins/fr.ac6.mcu.externaltools.arm-none.win32_1.15.0.201708311556/tools/compiler/bin/../lib/gcc/arm-none-eabi/6.3.1/../../../../arm-none-eabi/lib/thumb/v7e-m/fpv4-sp/hard\libnosys.a
END GROUP
START GROUP
LOAD c:/ac6/systemworkbench/plugins/fr.ac6.mcu.externaltools.arm-none.win32_1.15.0.201708311556/tools/compiler/bin/../lib/gcc/arm-none-eabi/6.3.1/thumb/v7e-m/fpv4-sp/hard\libgcc.a
LOAD c:/ac6/systemworkbench/plugins/fr.ac6.mcu.externaltools.arm-none.win32_1.15.0.201708311556/tools/compiler/bin/../lib/gcc/arm-none-eabi/6.3.1/../../../../arm-none-eabi/lib/thumb/v7e-m/fpv4-sp/hard\libc_nano.a
LOAD c:/ac6/systemworkbench/plugins/fr.ac6.mcu.externaltools.arm-none.win32_1.15.0.201708311556/tools/compiler/bin/../lib/gcc/arm-none-eabi/6.3.1/../../../../arm-none-eabi/lib/thumb/v7e-m/fpv4-sp/hard\libnosys.a
END GROUP
LOAD c:/ac6/systemworkbench/plugins/fr.ac6.mcu.externaltools.arm-none.win32_1.15.0.201708311556/tools/compiler/bin/../lib/gcc/arm-none-eabi/6.3.1/thumb/v7e-m/fpv4-sp/hard/crtend.o
LOAD c:/ac6/systemworkbench/plugins/fr.ac6.mcu.externaltools.arm-none.win32_1.15.0.201708311556/tools/compiler/bin/../lib/gcc/arm-none-eabi/6.3.1/thumb/v7e-m/fpv4-sp/hard/crtn.o
                0x20003000                _estack = 0x20003000
                0x00000200                _Min_Heap_Size = 0x200
                0x00000400                _Min_Stack_Size = 0x400

.isr_vector     0x08000000      0x188
                0x08000000                . = ALIGN (0x4)
 *(.isr_vector)
 .isr_vector    0x08000000      0x188 startup/startup_stm32f334x8.o
                0x08000000                g_pfnVectors
                0x08000188                . = ALIGN (0x4)

.text           0x08000188     0x4108
                0x08000188                . = ALIGN (0x4)
 *(.text)
 .text          0x08000188       0x6c c:/ac6/systemworkbench/plugins/fr.ac6.mcu.externaltools.arm-none.win32_1.15.0.201708311556/tools/compiler/bin/../lib/gcc/arm-none-eabi/6.3.1/thumb/v7e-m/fpv4-sp/hard/crtbegin.o
 .text          0x080001f4      0x370 c:/ac6/systemworkbench/plugins/fr.ac6.mcu.externaltools.arm-none.win32_1.15.0.201708311556/tools/compiler/bin/../lib/gcc/arm-none-eabi/6.3.1/thumb/v7e-m/fpv4-sp/hard\libgcc.a(_arm_addsubdf3.o)
                0x080001f4                __aeabi_drsub
                0x080001fc                __aeabi_dsub
                0x080001fc                __subdf3
                0x08000200                __aeabi_dadd
                0x08000200                __adddf3
                0x08000478                __floatunsidf
                0x08000478                __aeabi_ui2d
                0x08000498                __floatsidf
                0x08000498                __aeabi_i2d
                0x080004bc                __aeabi_f2d
                0x080004bc                __extendsfdf2
                0x080004f8                __floatundidf
                0x080004f8                __aeabi_ul2d
                0x08000508                __floatdidf
                0x08000508                __aeabi_l2d
 .text          0x08000564      0x424 c:/ac6/systemworkbench/plugins/fr.ac6.mcu.externaltools.arm-none.win32_1.15.0.201708311556/tools/compiler/bin/../lib/gcc/arm-none-eabi/6.3.1/thumb/v7e-m/fpv4-sp/hard\libgcc.a(_arm_muldivdf3.o)
                0x08000564                __aeabi_dmul
                0x08000564                __muldf3
                0x080007b8                __divdf3
                0x080007b8                __aeabi_ddiv
 .text          0x08000988       0xa0 c:/ac6/systemworkbench/plugins/fr.ac6.mcu.externaltools.arm-none.win32_1.15.0.201708311556/tools/compiler/bin/../lib/gcc/arm-none-eabi/6.3.1/thumb/v7e-m/fpv4-sp/hard\libgcc.a(_arm_truncdfsf2.o)
                0x08000988                __truncdfsf2
                0x08000988                __aeabi_d2f
 *(.text*)
 .text.HAL_InitTick
                0x08000a28       0x48 Drivers/STM32F3xx_HAL_Driver/Src/stm32f3xx_hal.o
                0x08000a28                HAL_InitTick
 .text.HAL_Init
                0x08000a70       0x24 Drivers/STM32F3xx_HAL_Driver/Src/stm32f3xx_hal.o
                0x08000a70                HAL_Init
 .text.HAL_IncTick
                0x08000a94       0x18 Drivers/STM32F3xx_HAL_Driver/Src/stm32f3xx_hal.o
                0x08000a94                HAL_IncTick
 .text.HAL_GetTick
                0x08000aac        0xc Drivers/STM32F3xx_HAL_Driver/Src/stm32f3xx_hal.o
                0x08000aac                HAL_GetTick
 .text.HAL_Delay
                0x08000ab8       0x28 Drivers/STM32F3xx_HAL_Driver/Src/stm32f3xx_hal.o
                0x08000ab8                HAL_Delay
 .text.ADC_Disable
                0x08000ae0       0x88 Drivers/STM32F3xx_HAL_Driver/Src/stm32f3xx_hal_adc_ex.o
 .text.HAL_ADC_Init
                0x08000b68      0x21c Drivers/STM32F3xx_HAL_Driver/Src/stm32f3xx_hal_adc_ex.o
                0x08000b68                HAL_ADC_Init
 .text.HAL_ADC_ConfigChannel
                0x08000d84      0x384 Drivers/STM32F3xx_HAL_Driver/Src/stm32f3xx_hal_adc_ex.o
                0x08000d84                HAL_ADC_ConfigChannel
 .text.HAL_ADCEx_MultiModeConfigChannel
                0x08001108      0x13c Drivers/STM32F3xx_HAL_Driver/Src/stm32f3xx_hal_adc_ex.o
                0x08001108                HAL_ADCEx_MultiModeConfigChannel
 .text.HAL_CAN_ConfigFilter
                0x08001244       0xfe Drivers/STM32F3xx_HAL_Driver/Src/stm32f3xx_hal_can.o
                0x08001244                HAL_CAN_ConfigFilter
 .text.HAL_CAN_Init
                0x08001342      0x180 Drivers/STM32F3xx_HAL_Driver/Src/stm32f3xx_hal_can.o
                0x08001342                HAL_CAN_Init
 *fill*         0x080014c2        0x2 
 .text.HAL_CAN_Transmit
                0x080014c4      0x218 Drivers/STM32F3xx_HAL_Driver/Src/stm32f3xx_hal_can.o
                0x080014c4                HAL_CAN_Transmit
 .text.HAL_CAN_Receive
                0x080016dc      0x280 Drivers/STM32F3xx_HAL_Driver/Src/stm32f3xx_hal_can.o
                0x080016dc                HAL_CAN_Receive
 .text.HAL_NVIC_SetPriorityGrouping
                0x0800195c       0x24 Drivers/STM32F3xx_HAL_Driver/Src/stm32f3xx_hal_cortex.o
                0x0800195c                HAL_NVIC_SetPriorityGrouping
 .text.HAL_NVIC_SetPriority
                0x08001980       0x64 Drivers/STM32F3xx_HAL_Driver/Src/stm32f3xx_hal_cortex.o
                0x08001980                HAL_NVIC_SetPriority
 .text.HAL_SYSTICK_Config
                0x080019e4       0x2c Drivers/STM32F3xx_HAL_Driver/Src/stm32f3xx_hal_cortex.o
                0x080019e4                HAL_SYSTICK_Config
 .text.HAL_SYSTICK_CLKSourceConfig
                0x08001a10       0x20 Drivers/STM32F3xx_HAL_Driver/Src/stm32f3xx_hal_cortex.o
                0x08001a10                HAL_SYSTICK_CLKSourceConfig
 .text.HAL_SYSTICK_Callback
                0x08001a30        0x2 Drivers/STM32F3xx_HAL_Driver/Src/stm32f3xx_hal_cortex.o
                0x08001a30                HAL_SYSTICK_Callback
 .text.HAL_SYSTICK_IRQHandler
                0x08001a32        0x8 Drivers/STM32F3xx_HAL_Driver/Src/stm32f3xx_hal_cortex.o
                0x08001a32                HAL_SYSTICK_IRQHandler
 *fill*         0x08001a3a        0x2 
 .text.HAL_GPIO_Init
                0x08001a3c      0x194 Drivers/STM32F3xx_HAL_Driver/Src/stm32f3xx_hal_gpio.o
                0x08001a3c                HAL_GPIO_Init
 .text.HAL_GPIO_WritePin
                0x08001bd0        0xa Drivers/STM32F3xx_HAL_Driver/Src/stm32f3xx_hal_gpio.o
                0x08001bd0                HAL_GPIO_WritePin
 *fill*         0x08001bda        0x2 
 .text.HAL_RCC_OscConfig
                0x08001bdc      0x60c Drivers/STM32F3xx_HAL_Driver/Src/stm32f3xx_hal_rcc.o
                0x08001bdc                HAL_RCC_OscConfig
 .text.HAL_RCC_GetSysClockFreq
                0x080021e8       0x70 Drivers/STM32F3xx_HAL_Driver/Src/stm32f3xx_hal_rcc.o
                0x080021e8                HAL_RCC_GetSysClockFreq
 .text.HAL_RCC_ClockConfig
                0x08002258      0x1d4 Drivers/STM32F3xx_HAL_Driver/Src/stm32f3xx_hal_rcc.o
                0x08002258                HAL_RCC_ClockConfig
 .text.HAL_RCC_GetHCLKFreq
                0x0800242c        0xc Drivers/STM32F3xx_HAL_Driver/Src/stm32f3xx_hal_rcc.o
                0x0800242c                HAL_RCC_GetHCLKFreq
 .text.HAL_RCCEx_PeriphCLKConfig
                0x08002438      0x1ac Drivers/STM32F3xx_HAL_Driver/Src/stm32f3xx_hal_rcc_ex.o
                0x08002438                HAL_RCCEx_PeriphCLKConfig
 .text.SPI_WaitFlagStateUntilTimeout
                0x080025e4       0x92 Drivers/STM32F3xx_HAL_Driver/Src/stm32f3xx_hal_spi.o
 .text.SPI_WaitFifoStateUntilTimeout
                0x08002676       0xa4 Drivers/STM32F3xx_HAL_Driver/Src/stm32f3xx_hal_spi.o
 .text.SPI_EndRxTxTransaction
                0x0800271a       0x68 Drivers/STM32F3xx_HAL_Driver/Src/stm32f3xx_hal_spi.o
 .text.SPI_EndRxTransaction
                0x08002782       0x86 Drivers/STM32F3xx_HAL_Driver/Src/stm32f3xx_hal_spi.o
 .text.HAL_SPI_Init
                0x08002808       0xb0 Drivers/STM32F3xx_HAL_Driver/Src/stm32f3xx_hal_spi.o
                0x08002808                HAL_SPI_Init
 .text.HAL_SPI_Transmit
                0x080028b8      0x1cc Drivers/STM32F3xx_HAL_Driver/Src/stm32f3xx_hal_spi.o
                0x080028b8                HAL_SPI_Transmit
 .text.HAL_SPI_TransmitReceive
                0x08002a84      0x2c8 Drivers/STM32F3xx_HAL_Driver/Src/stm32f3xx_hal_spi.o
                0x08002a84                HAL_SPI_TransmitReceive
 .text.HAL_SPI_Receive
                0x08002d4c      0x184 Drivers/STM32F3xx_HAL_Driver/Src/stm32f3xx_hal_spi.o
                0x08002d4c                HAL_SPI_Receive
 .text.pec15    0x08002ed0       0x28 Src/ltc_68xx.o
                0x08002ed0                pec15
 .text.convert_voltage
                0x08002ef8        0xc Src/ltc_68xx.o
                0x08002ef8                convert_voltage
 *fill*         0x08002f04        0x4 
 .text.convert_temp
                0x08002f08       0xe4 Src/ltc_68xx.o
                0x08002f08                convert_temp
 .text.wakeup_idle
                0x08002fec       0x36 Src/ltc_68xx.o
                0x08002fec                wakeup_idle
 *fill*         0x08003022        0x2 
 .text.status   0x08003024      0x10c Src/ltc_68xx.o
                0x08003024                status
 .text.ltc6804_rdcv_temp
                0x08003130      0x3c8 Src/ltc_68xx.o
                0x08003130                ltc6804_rdcv_temp
 .text.ltc6804_rdcv_voltages
                0x080034f8      0x334 Src/ltc_68xx.o
                0x080034f8                ltc6804_rdcv_voltages
 .text.ltc6804_command_temperatures
                0x0800382c       0xbc Src/ltc_68xx.o
                0x0800382c                ltc6804_command_temperatures
 .text.ltc6804_adcv
                0x080038e8       0x60 Src/ltc_68xx.o
                0x080038e8                ltc6804_adcv
 .text.MX_GPIO_Init
                0x08003948       0x78 Src/main.o
 .text._Error_Handler
                0x080039c0        0x2 Src/main.o
                0x080039c0                _Error_Handler
 *fill*         0x080039c2        0x2 
 .text.MX_SPI1_Init
                0x080039c4       0x54 Src/main.o
 .text.MX_ADC1_Init
                0x08003a18       0x88 Src/main.o
 .text.MX_CAN_Init
                0x08003aa0       0x44 Src/main.o
 .text.SystemClock_Config
                0x08003ae4       0xa0 Src/main.o
                0x08003ae4                SystemClock_Config
 .text.main     0x08003b84      0x474 Src/main.o
                0x08003b84                main
 .text.HAL_MspInit
                0x08003ff8       0x7c Src/stm32f3xx_hal_msp.o
                0x08003ff8                HAL_MspInit
 .text.HAL_ADC_MspInit
                0x08004074       0x44 Src/stm32f3xx_hal_msp.o
                0x08004074                HAL_ADC_MspInit
 .text.HAL_CAN_MspInit
                0x080040b8       0x50 Src/stm32f3xx_hal_msp.o
                0x080040b8                HAL_CAN_MspInit
 .text.HAL_SPI_MspInit
                0x08004108       0x50 Src/stm32f3xx_hal_msp.o
                0x08004108                HAL_SPI_MspInit
 .text.NMI_Handler
                0x08004158        0x2 Src/stm32f3xx_it.o
                0x08004158                NMI_Handler
 .text.HardFault_Handler
                0x0800415a        0x2 Src/stm32f3xx_it.o
                0x0800415a                HardFault_Handler
 .text.MemManage_Handler
                0x0800415c        0x2 Src/stm32f3xx_it.o
                0x0800415c                MemManage_Handler
 .text.BusFault_Handler
                0x0800415e        0x2 Src/stm32f3xx_it.o
                0x0800415e                BusFault_Handler
 .text.UsageFault_Handler
                0x08004160        0x2 Src/stm32f3xx_it.o
                0x08004160                UsageFault_Handler
 .text.SVC_Handler
                0x08004162        0x2 Src/stm32f3xx_it.o
                0x08004162                SVC_Handler
 .text.DebugMon_Handler
                0x08004164        0x2 Src/stm32f3xx_it.o
                0x08004164                DebugMon_Handler
 .text.PendSV_Handler
                0x08004166        0x2 Src/stm32f3xx_it.o
                0x08004166                PendSV_Handler
 .text.SysTick_Handler
                0x08004168        0xc Src/stm32f3xx_it.o
                0x08004168                SysTick_Handler
 .text.SystemInit
                0x08004174       0x68 Src/system_stm32f3xx.o
                0x08004174                SystemInit
 .text.Reset_Handler
                0x080041dc       0x50 startup/startup_stm32f334x8.o
                0x080041dc                Reset_Handler
 .text.Default_Handler
                0x0800422c        0x2 startup/startup_stm32f334x8.o
                0x0800422c                RTC_Alarm_IRQHandler
                0x0800422c                HRTIM1_Master_IRQHandler
                0x0800422c                TIM1_CC_IRQHandler
                0x0800422c                HRTIM1_FLT_IRQHandler
                0x0800422c                PVD_IRQHandler
                0x0800422c                HRTIM1_TIMD_IRQHandler
                0x0800422c                TAMP_STAMP_IRQHandler
                0x0800422c                EXTI3_IRQHandler
                0x0800422c                EXTI0_IRQHandler
                0x0800422c                FPU_IRQHandler
                0x0800422c                CAN_TX_IRQHandler
                0x0800422c                TIM1_UP_TIM16_IRQHandler
                0x0800422c                ADC1_2_IRQHandler
                0x0800422c                HRTIM1_TIME_IRQHandler
                0x0800422c                SPI1_IRQHandler
                0x0800422c                CAN_SCE_IRQHandler
                0x0800422c                HRTIM1_TIMC_IRQHandler
                0x0800422c                DMA1_Channel4_IRQHandler
                0x0800422c                USART3_IRQHandler
                0x0800422c                DMA1_Channel7_IRQHandler
                0x0800422c                TIM7_DAC2_IRQHandler
                0x0800422c                CAN_RX1_IRQHandler
                0x0800422c                I2C1_EV_IRQHandler
                0x0800422c                DMA1_Channel6_IRQHandler
                0x0800422c                TIM3_IRQHandler
                0x0800422c                RCC_IRQHandler
                0x0800422c                DMA1_Channel1_IRQHandler
                0x0800422c                Default_Handler
                0x0800422c                EXTI15_10_IRQHandler
                0x0800422c                COMP2_IRQHandler
                0x0800422c                HRTIM1_TIMA_IRQHandler
                0x0800422c                TIM6_DAC1_IRQHandler
                0x0800422c                EXTI9_5_IRQHandler
                0x0800422c                RTC_WKUP_IRQHandler
                0x0800422c                DMA1_Channel5_IRQHandler
                0x0800422c                EXTI4_IRQHandler
                0x0800422c                HRTIM1_TIMB_IRQHandler
                0x0800422c                TIM1_TRG_COM_TIM17_IRQHandler
                0x0800422c                DMA1_Channel3_IRQHandler
                0x0800422c                WWDG_IRQHandler
                0x0800422c                TIM2_IRQHandler
                0x0800422c                EXTI1_IRQHandler
                0x0800422c                COMP4_6_IRQHandler
                0x0800422c                USART2_IRQHandler
                0x0800422c                DMA1_Channel2_IRQHandler
                0x0800422c                FLASH_IRQHandler
                0x0800422c                USART1_IRQHandler
                0x0800422c                CAN_RX0_IRQHandler
                0x0800422c                I2C1_ER_IRQHandler
                0x0800422c                EXTI2_TSC_IRQHandler
                0x0800422c                TIM1_BRK_TIM15_IRQHandler
 *fill*         0x0800422e        0x2 
 .text.__libc_init_array
                0x08004230       0x48 c:/ac6/systemworkbench/plugins/fr.ac6.mcu.externaltools.arm-none.win32_1.15.0.201708311556/tools/compiler/bin/../lib/gcc/arm-none-eabi/6.3.1/../../../../arm-none-eabi/lib/thumb/v7e-m/fpv4-sp/hard\libc_nano.a(lib_a-init.o)
                0x08004230                __libc_init_array
 *(.glue_7)
 .glue_7        0x08004278        0x0 linker stubs
 *(.glue_7t)
 .glue_7t       0x08004278        0x0 linker stubs
 *(.eh_frame)
 .eh_frame      0x08004278        0x0 c:/ac6/systemworkbench/plugins/fr.ac6.mcu.externaltools.arm-none.win32_1.15.0.201708311556/tools/compiler/bin/../lib/gcc/arm-none-eabi/6.3.1/thumb/v7e-m/fpv4-sp/hard/crtbegin.o
 *(.init)
 .init          0x08004278        0x4 c:/ac6/systemworkbench/plugins/fr.ac6.mcu.externaltools.arm-none.win32_1.15.0.201708311556/tools/compiler/bin/../lib/gcc/arm-none-eabi/6.3.1/thumb/v7e-m/fpv4-sp/hard/crti.o
                0x08004278                _init
 .init          0x0800427c        0x8 c:/ac6/systemworkbench/plugins/fr.ac6.mcu.externaltools.arm-none.win32_1.15.0.201708311556/tools/compiler/bin/../lib/gcc/arm-none-eabi/6.3.1/thumb/v7e-m/fpv4-sp/hard/crtn.o
 *(.fini)
 .fini          0x08004284        0x4 c:/ac6/systemworkbench/plugins/fr.ac6.mcu.externaltools.arm-none.win32_1.15.0.201708311556/tools/compiler/bin/../lib/gcc/arm-none-eabi/6.3.1/thumb/v7e-m/fpv4-sp/hard/crti.o
                0x08004284                _fini
 .fini          0x08004288        0x8 c:/ac6/systemworkbench/plugins/fr.ac6.mcu.externaltools.arm-none.win32_1.15.0.201708311556/tools/compiler/bin/../lib/gcc/arm-none-eabi/6.3.1/thumb/v7e-m/fpv4-sp/hard/crtn.o
                0x08004290                . = ALIGN (0x4)
                0x08004290                _etext = .

.vfp11_veneer   0x08004290        0x0
 .vfp11_veneer  0x08004290        0x0 linker stubs

.v4_bx          0x08004290        0x0
 .v4_bx         0x08004290        0x0 linker stubs

.iplt           0x08004290        0x0
 .iplt          0x08004290        0x0 c:/ac6/systemworkbench/plugins/fr.ac6.mcu.externaltools.arm-none.win32_1.15.0.201708311556/tools/compiler/bin/../lib/gcc/arm-none-eabi/6.3.1/thumb/v7e-m/fpv4-sp/hard/crtbegin.o

.rodata         0x08004290       0x48
                0x08004290                . = ALIGN (0x4)
 *(.rodata)
 .rodata        0x08004290       0x20 Drivers/STM32F3xx_HAL_Driver/Src/stm32f3xx_hal_rcc.o
                0x08004290                aPLLMULFactorTable
                0x080042a0                aPredivFactorTable
 .rodata        0x080042b0       0x18 Src/system_stm32f3xx.o
                0x080042b0                AHBPrescTable
                0x080042c0                APBPrescTable
 *(.rodata*)
 .rodata.str1.4
                0x080042c8       0x10 Src/main.o
                                  0xe (size before relaxing)
                0x080042d8                . = ALIGN (0x4)

.rel.dyn        0x080042d8        0x0
 .rel.iplt      0x080042d8        0x0 c:/ac6/systemworkbench/plugins/fr.ac6.mcu.externaltools.arm-none.win32_1.15.0.201708311556/tools/compiler/bin/../lib/gcc/arm-none-eabi/6.3.1/thumb/v7e-m/fpv4-sp/hard/crtbegin.o

.ARM.extab
 *(.ARM.extab* .gnu.linkonce.armextab.*)

.ARM            0x080042d8        0x0
                0x080042d8                __exidx_start = .
 *(.ARM.exidx*)
                0x080042d8                __exidx_end = .

.preinit_array  0x080042d8        0x0
                0x080042d8                PROVIDE (__preinit_array_start, .)
 *(.preinit_array*)
                0x080042d8                PROVIDE (__preinit_array_end, .)

.init_array     0x080042d8        0x4
                0x080042d8                PROVIDE (__init_array_start, .)
 *(SORT(.init_array.*))
 *(.init_array*)
 .init_array    0x080042d8        0x4 c:/ac6/systemworkbench/plugins/fr.ac6.mcu.externaltools.arm-none.win32_1.15.0.201708311556/tools/compiler/bin/../lib/gcc/arm-none-eabi/6.3.1/thumb/v7e-m/fpv4-sp/hard/crtbegin.o
                0x080042dc                PROVIDE (__init_array_end, .)

.fini_array     0x080042dc        0x4
                [!provide]                PROVIDE (__fini_array_start, .)
 *(SORT(.fini_array.*))
 *(.fini_array*)
 .fini_array    0x080042dc        0x4 c:/ac6/systemworkbench/plugins/fr.ac6.mcu.externaltools.arm-none.win32_1.15.0.201708311556/tools/compiler/bin/../lib/gcc/arm-none-eabi/6.3.1/thumb/v7e-m/fpv4-sp/hard/crtbegin.o
                [!provide]                PROVIDE (__fini_array_end, .)
                0x080042e0                _sidata = LOADADDR (.data)

.data           0x20000000      0x20c load address 0x080042e0
                0x20000000                . = ALIGN (0x4)
                0x20000000                _sdata = .
 *(.data)
 .data          0x20000000        0x8 Drivers/STM32F3xx_HAL_Driver/Src/stm32f3xx_hal.o
                0x20000000                uwTickFreq
                0x20000004                uwTickPrio
 .data          0x20000008      0x200 Src/ltc_68xx.o
                0x20000008                crcTable
 .data          0x20000208        0x4 Src/system_stm32f3xx.o
                0x20000208                SystemCoreClock
 *(.data*)
                0x2000020c                . = ALIGN (0x4)
                0x2000020c                _edata = .
                0x080044ec                _siccmram = LOADADDR (.ccmram)

.jcr            0x2000020c        0x0 load address 0x080044ec
 .jcr           0x2000020c        0x0 c:/ac6/systemworkbench/plugins/fr.ac6.mcu.externaltools.arm-none.win32_1.15.0.201708311556/tools/compiler/bin/../lib/gcc/arm-none-eabi/6.3.1/thumb/v7e-m/fpv4-sp/hard/crtbegin.o

.igot.plt       0x2000020c        0x0 load address 0x080044ec
 .igot.plt      0x2000020c        0x0 c:/ac6/systemworkbench/plugins/fr.ac6.mcu.externaltools.arm-none.win32_1.15.0.201708311556/tools/compiler/bin/../lib/gcc/arm-none-eabi/6.3.1/thumb/v7e-m/fpv4-sp/hard/crtbegin.o

.ccmram         0x10000000        0x0 load address 0x080044ec
                0x10000000                . = ALIGN (0x4)
                0x10000000                _sccmram = .
 *(.ccmram)
 *(.ccmram*)
                0x10000000                . = ALIGN (0x4)
                0x10000000                _eccmram = .
                0x10000000                . = ALIGN (0x4)

.bss            0x2000020c      0x6b8
                0x2000020c                _sbss = .
                0x2000020c                __bss_start__ = _sbss
 *(.bss)
 .bss           0x2000020c       0x1c c:/ac6/systemworkbench/plugins/fr.ac6.mcu.externaltools.arm-none.win32_1.15.0.201708311556/tools/compiler/bin/../lib/gcc/arm-none-eabi/6.3.1/thumb/v7e-m/fpv4-sp/hard/crtbegin.o
 .bss           0x20000228        0x8 Src/main.o
                0x20000228                parity
                0x20000229                state
                0x2000022a                fault_counter
                0x2000022b                BMS_status
                0x2000022c                counterCicle
 *(.bss*)
 *(COMMON)
 COMMON         0x20000230        0x4 Drivers/STM32F3xx_HAL_Driver/Src/stm32f3xx_hal.o
                0x20000230                uwTick
 COMMON         0x20000234      0x690 Src/main.o
                0x20000234                min_v
                0x20000238                adcBuffer
                0x2000023c                hcan
                0x20000280                cell_temperatures
                0x20000430                max_v
                0x20000434                hadc1
                0x20000488                avg_v
                0x2000048c                cell_temperatures_vector
                0x20000564                cell_voltages_vector
                0x2000063c                tsONfilter
                0x20000664                cell_voltages
                0x20000814                max_t
                0x20000818                hspi1
                0x2000087c                RxMsg
                0x200008a0                avg_t
                0x200008a4                pack_v
                0x200008a8                TxMsg
                0x200008c4                . = ALIGN (0x4)
                0x200008c4                _ebss = .
                0x200008c4                __bss_end__ = _ebss

._user_heap_stack
                0x200008c4      0x604
                0x200008c8                . = ALIGN (0x8)
 *fill*         0x200008c4        0x4 
                [!provide]                PROVIDE (end, .)
                [!provide]                PROVIDE (_end, .)
                0x20000ac8                . = (. + _Min_Heap_Size)
 *fill*         0x200008c8      0x200 
                0x20000ec8                . = (. + _Min_Stack_Size)
 *fill*         0x20000ac8      0x400 
                0x20000ec8                . = ALIGN (0x8)

/DISCARD/
 libc.a(*)
 libm.a(*)
 libgcc.a(*)

.ARM.attributes
                0x00000000       0x30
 *(.ARM.attributes)
 .ARM.attributes
                0x00000000       0x22 c:/ac6/systemworkbench/plugins/fr.ac6.mcu.externaltools.arm-none.win32_1.15.0.201708311556/tools/compiler/bin/../lib/gcc/arm-none-eabi/6.3.1/thumb/v7e-m/fpv4-sp/hard/crti.o
 .ARM.attributes
                0x00000022       0x34 c:/ac6/systemworkbench/plugins/fr.ac6.mcu.externaltools.arm-none.win32_1.15.0.201708311556/tools/compiler/bin/../lib/gcc/arm-none-eabi/6.3.1/thumb/v7e-m/fpv4-sp/hard/crtbegin.o
 .ARM.attributes
                0x00000056       0x39 Drivers/STM32F3xx_HAL_Driver/Src/stm32f3xx_hal.o
 .ARM.attributes
                0x0000008f       0x39 Drivers/STM32F3xx_HAL_Driver/Src/stm32f3xx_hal_adc_ex.o
 .ARM.attributes
                0x000000c8       0x39 Drivers/STM32F3xx_HAL_Driver/Src/stm32f3xx_hal_can.o
 .ARM.attributes
                0x00000101       0x39 Drivers/STM32F3xx_HAL_Driver/Src/stm32f3xx_hal_cortex.o
 .ARM.attributes
                0x0000013a       0x39 Drivers/STM32F3xx_HAL_Driver/Src/stm32f3xx_hal_gpio.o
 .ARM.attributes
                0x00000173       0x39 Drivers/STM32F3xx_HAL_Driver/Src/stm32f3xx_hal_rcc.o
 .ARM.attributes
                0x000001ac       0x39 Drivers/STM32F3xx_HAL_Driver/Src/stm32f3xx_hal_rcc_ex.o
 .ARM.attributes
                0x000001e5       0x39 Drivers/STM32F3xx_HAL_Driver/Src/stm32f3xx_hal_spi.o
 .ARM.attributes
                0x0000021e       0x39 Src/ltc_68xx.o
 .ARM.attributes
                0x00000257       0x39 Src/main.o
 .ARM.attributes
                0x00000290       0x39 Src/stm32f3xx_hal_msp.o
 .ARM.attributes
                0x000002c9       0x39 Src/stm32f3xx_it.o
 .ARM.attributes
                0x00000302       0x39 Src/system_stm32f3xx.o
 .ARM.attributes
                0x0000033b       0x21 startup/startup_stm32f334x8.o
 .ARM.attributes
                0x0000035c       0x22 c:/ac6/systemworkbench/plugins/fr.ac6.mcu.externaltools.arm-none.win32_1.15.0.201708311556/tools/compiler/bin/../lib/gcc/arm-none-eabi/6.3.1/thumb/v7e-m/fpv4-sp/hard\libgcc.a(_arm_addsubdf3.o)
 .ARM.attributes
                0x0000037e       0x22 c:/ac6/systemworkbench/plugins/fr.ac6.mcu.externaltools.arm-none.win32_1.15.0.201708311556/tools/compiler/bin/../lib/gcc/arm-none-eabi/6.3.1/thumb/v7e-m/fpv4-sp/hard\libgcc.a(_arm_muldivdf3.o)
 .ARM.attributes
                0x000003a0       0x22 c:/ac6/systemworkbench/plugins/fr.ac6.mcu.externaltools.arm-none.win32_1.15.0.201708311556/tools/compiler/bin/../lib/gcc/arm-none-eabi/6.3.1/thumb/v7e-m/fpv4-sp/hard\libgcc.a(_arm_truncdfsf2.o)
 .ARM.attributes
                0x000003c2       0x34 c:/ac6/systemworkbench/plugins/fr.ac6.mcu.externaltools.arm-none.win32_1.15.0.201708311556/tools/compiler/bin/../lib/gcc/arm-none-eabi/6.3.1/../../../../arm-none-eabi/lib/thumb/v7e-m/fpv4-sp/hard\libc_nano.a(lib_a-init.o)
 .ARM.attributes
                0x000003f6       0x22 c:/ac6/systemworkbench/plugins/fr.ac6.mcu.externaltools.arm-none.win32_1.15.0.201708311556/tools/compiler/bin/../lib/gcc/arm-none-eabi/6.3.1/thumb/v7e-m/fpv4-sp/hard/crtn.o
OUTPUT(EAGLESTM32334BMS.elf elf32-littlearm)

.debug_info     0x00000000    0x132ec
 .debug_info    0x00000000     0x102c Drivers/STM32F3xx_HAL_Driver/Src/stm32f3xx_hal.o
 .debug_info    0x0000102c     0x22c4 Drivers/STM32F3xx_HAL_Driver/Src/stm32f3xx_hal_adc_ex.o
 .debug_info    0x000032f0     0x1445 Drivers/STM32F3xx_HAL_Driver/Src/stm32f3xx_hal_can.o
 .debug_info    0x00004735     0x14aa Drivers/STM32F3xx_HAL_Driver/Src/stm32f3xx_hal_cortex.o
 .debug_info    0x00005bdf      0xfa7 Drivers/STM32F3xx_HAL_Driver/Src/stm32f3xx_hal_gpio.o
 .debug_info    0x00006b86     0x1bb3 Drivers/STM32F3xx_HAL_Driver/Src/stm32f3xx_hal_rcc.o
 .debug_info    0x00008739      0xe6e Drivers/STM32F3xx_HAL_Driver/Src/stm32f3xx_hal_rcc_ex.o
 .debug_info    0x000095a7     0x258b Drivers/STM32F3xx_HAL_Driver/Src/stm32f3xx_hal_spi.o
 .debug_info    0x0000bb32     0x1cf0 Src/ltc_68xx.o
 .debug_info    0x0000d822     0x27dc Src/main.o
 .debug_info    0x0000fffe     0x1c28 Src/stm32f3xx_hal_msp.o
 .debug_info    0x00011c26      0xa0b Src/stm32f3xx_it.o
 .debug_info    0x00012631      0xc34 Src/system_stm32f3xx.o
 .debug_info    0x00013265       0x87 startup/startup_stm32f334x8.o

.debug_abbrev   0x00000000     0x250f
 .debug_abbrev  0x00000000      0x2e3 Drivers/STM32F3xx_HAL_Driver/Src/stm32f3xx_hal.o
 .debug_abbrev  0x000002e3      0x33d Drivers/STM32F3xx_HAL_Driver/Src/stm32f3xx_hal_adc_ex.o
 .debug_abbrev  0x00000620      0x2dc Drivers/STM32F3xx_HAL_Driver/Src/stm32f3xx_hal_can.o
 .debug_abbrev  0x000008fc      0x3af Drivers/STM32F3xx_HAL_Driver/Src/stm32f3xx_hal_cortex.o
 .debug_abbrev  0x00000cab      0x2a5 Drivers/STM32F3xx_HAL_Driver/Src/stm32f3xx_hal_gpio.o
 .debug_abbrev  0x00000f50      0x343 Drivers/STM32F3xx_HAL_Driver/Src/stm32f3xx_hal_rcc.o
 .debug_abbrev  0x00001293      0x334 Drivers/STM32F3xx_HAL_Driver/Src/stm32f3xx_hal_rcc_ex.o
 .debug_abbrev  0x000015c7      0x2df Drivers/STM32F3xx_HAL_Driver/Src/stm32f3xx_hal_spi.o
 .debug_abbrev  0x000018a6      0x338 Src/ltc_68xx.o
 .debug_abbrev  0x00001bde      0x2d6 Src/main.o
 .debug_abbrev  0x00001eb4      0x25d Src/stm32f3xx_hal_msp.o
 .debug_abbrev  0x00002111      0x1e7 Src/stm32f3xx_it.o
 .debug_abbrev  0x000022f8      0x205 Src/system_stm32f3xx.o
 .debug_abbrev  0x000024fd       0x12 startup/startup_stm32f334x8.o

.debug_loc      0x00000000     0x5e5d
 .debug_loc     0x00000000      0x108 Drivers/STM32F3xx_HAL_Driver/Src/stm32f3xx_hal.o
 .debug_loc     0x00000108     0x1ad4 Drivers/STM32F3xx_HAL_Driver/Src/stm32f3xx_hal_adc_ex.o
 .debug_loc     0x00001bdc      0x7e4 Drivers/STM32F3xx_HAL_Driver/Src/stm32f3xx_hal_can.o
 .debug_loc     0x000023c0      0x5ad Drivers/STM32F3xx_HAL_Driver/Src/stm32f3xx_hal_cortex.o
 .debug_loc     0x0000296d      0x331 Drivers/STM32F3xx_HAL_Driver/Src/stm32f3xx_hal_gpio.o
 .debug_loc     0x00002c9e      0x913 Drivers/STM32F3xx_HAL_Driver/Src/stm32f3xx_hal_rcc.o
 .debug_loc     0x000035b1      0x4aa Drivers/STM32F3xx_HAL_Driver/Src/stm32f3xx_hal_rcc_ex.o
 .debug_loc     0x00003a5b     0x1b2e Drivers/STM32F3xx_HAL_Driver/Src/stm32f3xx_hal_spi.o
 .debug_loc     0x00005589      0x5e7 Src/ltc_68xx.o
 .debug_loc     0x00005b70       0xdd Src/main.o
 .debug_loc     0x00005c4d      0x111 Src/stm32f3xx_hal_msp.o
 .debug_loc     0x00005d5e       0xff Src/system_stm32f3xx.o

.debug_aranges  0x00000000      0x828
 .debug_aranges
                0x00000000       0xe0 Drivers/STM32F3xx_HAL_Driver/Src/stm32f3xx_hal.o
 .debug_aranges
                0x000000e0      0x168 Drivers/STM32F3xx_HAL_Driver/Src/stm32f3xx_hal_adc_ex.o
 .debug_aranges
                0x00000248       0xb0 Drivers/STM32F3xx_HAL_Driver/Src/stm32f3xx_hal_can.o
 .debug_aranges
                0x000002f8       0x90 Drivers/STM32F3xx_HAL_Driver/Src/stm32f3xx_hal_cortex.o
 .debug_aranges
                0x00000388       0x58 Drivers/STM32F3xx_HAL_Driver/Src/stm32f3xx_hal_gpio.o
 .debug_aranges
                0x000003e0       0x88 Drivers/STM32F3xx_HAL_Driver/Src/stm32f3xx_hal_rcc.o
 .debug_aranges
                0x00000468       0x38 Drivers/STM32F3xx_HAL_Driver/Src/stm32f3xx_hal_rcc_ex.o
 .debug_aranges
                0x000004a0      0x1d8 Drivers/STM32F3xx_HAL_Driver/Src/stm32f3xx_hal_spi.o
 .debug_aranges
                0x00000678       0x60 Src/ltc_68xx.o
 .debug_aranges
                0x000006d8       0x50 Src/main.o
 .debug_aranges
                0x00000728       0x50 Src/stm32f3xx_hal_msp.o
 .debug_aranges
                0x00000778       0x60 Src/stm32f3xx_it.o
 .debug_aranges
                0x000007d8       0x28 Src/system_stm32f3xx.o
 .debug_aranges
                0x00000800       0x28 startup/startup_stm32f334x8.o

.debug_ranges   0x00000000      0x848
 .debug_ranges  0x00000000       0xd0 Drivers/STM32F3xx_HAL_Driver/Src/stm32f3xx_hal.o
 .debug_ranges  0x000000d0      0x158 Drivers/STM32F3xx_HAL_Driver/Src/stm32f3xx_hal_adc_ex.o
 .debug_ranges  0x00000228       0xa0 Drivers/STM32F3xx_HAL_Driver/Src/stm32f3xx_hal_can.o
 .debug_ranges  0x000002c8       0xe0 Drivers/STM32F3xx_HAL_Driver/Src/stm32f3xx_hal_cortex.o
 .debug_ranges  0x000003a8       0x48 Drivers/STM32F3xx_HAL_Driver/Src/stm32f3xx_hal_gpio.o
 .debug_ranges  0x000003f0       0x98 Drivers/STM32F3xx_HAL_Driver/Src/stm32f3xx_hal_rcc.o
 .debug_ranges  0x00000488       0x40 Drivers/STM32F3xx_HAL_Driver/Src/stm32f3xx_hal_rcc_ex.o
 .debug_ranges  0x000004c8      0x1c8 Drivers/STM32F3xx_HAL_Driver/Src/stm32f3xx_hal_spi.o
 .debug_ranges  0x00000690       0x80 Src/ltc_68xx.o
 .debug_ranges  0x00000710       0x70 Src/main.o
 .debug_ranges  0x00000780       0x40 Src/stm32f3xx_hal_msp.o
 .debug_ranges  0x000007c0       0x50 Src/stm32f3xx_it.o
 .debug_ranges  0x00000810       0x18 Src/system_stm32f3xx.o
 .debug_ranges  0x00000828       0x20 startup/startup_stm32f334x8.o

.debug_macro    0x00000000    0x1d61c
 .debug_macro   0x00000000      0x348 Drivers/STM32F3xx_HAL_Driver/Src/stm32f3xx_hal.o
 .debug_macro   0x00000348      0x8bc Drivers/STM32F3xx_HAL_Driver/Src/stm32f3xx_hal.o
 .debug_macro   0x00000c04       0x58 Drivers/STM32F3xx_HAL_Driver/Src/stm32f3xx_hal.o
 .debug_macro   0x00000c5c       0xab Drivers/STM32F3xx_HAL_Driver/Src/stm32f3xx_hal.o
 .debug_macro   0x00000d07       0x2f Drivers/STM32F3xx_HAL_Driver/Src/stm32f3xx_hal.o
 .debug_macro   0x00000d36       0x28 Drivers/STM32F3xx_HAL_Driver/Src/stm32f3xx_hal.o
 .debug_macro   0x00000d5e       0x22 Drivers/STM32F3xx_HAL_Driver/Src/stm32f3xx_hal.o
 .debug_macro   0x00000d80       0x87 Drivers/STM32F3xx_HAL_Driver/Src/stm32f3xx_hal.o
 .debug_macro   0x00000e07       0x51 Drivers/STM32F3xx_HAL_Driver/Src/stm32f3xx_hal.o
 .debug_macro   0x00000e58       0xef Drivers/STM32F3xx_HAL_Driver/Src/stm32f3xx_hal.o
 .debug_macro   0x00000f47       0x6a Drivers/STM32F3xx_HAL_Driver/Src/stm32f3xx_hal.o
 .debug_macro   0x00000fb1      0x1df Drivers/STM32F3xx_HAL_Driver/Src/stm32f3xx_hal.o
 .debug_macro   0x00001190       0x35 Drivers/STM32F3xx_HAL_Driver/Src/stm32f3xx_hal.o
 .debug_macro   0x000011c5       0x50 Drivers/STM32F3xx_HAL_Driver/Src/stm32f3xx_hal.o
 .debug_macro   0x00001215      0xd40 Drivers/STM32F3xx_HAL_Driver/Src/stm32f3xx_hal.o
 .debug_macro   0x00001f55    0x15472 Drivers/STM32F3xx_HAL_Driver/Src/stm32f3xx_hal.o
 .debug_macro   0x000173c7       0x43 Drivers/STM32F3xx_HAL_Driver/Src/stm32f3xx_hal.o
 .debug_macro   0x0001740a       0x58 Drivers/STM32F3xx_HAL_Driver/Src/stm32f3xx_hal.o
 .debug_macro   0x00017462       0x35 Drivers/STM32F3xx_HAL_Driver/Src/stm32f3xx_hal.o
 .debug_macro   0x00017497       0x9c Drivers/STM32F3xx_HAL_Driver/Src/stm32f3xx_hal.o
 .debug_macro   0x00017533       0x16 Drivers/STM32F3xx_HAL_Driver/Src/stm32f3xx_hal.o
 .debug_macro   0x00017549       0x97 Drivers/STM32F3xx_HAL_Driver/Src/stm32f3xx_hal.o
 .debug_macro   0x000175e0      0x330 Drivers/STM32F3xx_HAL_Driver/Src/stm32f3xx_hal.o
 .debug_macro   0x00017910       0xfd Drivers/STM32F3xx_HAL_Driver/Src/stm32f3xx_hal.o
 .debug_macro   0x00017a0d       0x10 Drivers/STM32F3xx_HAL_Driver/Src/stm32f3xx_hal.o
 .debug_macro   0x00017a1d       0x58 Drivers/STM32F3xx_HAL_Driver/Src/stm32f3xx_hal.o
 .debug_macro   0x00017a75       0x1f Drivers/STM32F3xx_HAL_Driver/Src/stm32f3xx_hal.o
 .debug_macro   0x00017a94       0x43 Drivers/STM32F3xx_HAL_Driver/Src/stm32f3xx_hal.o
 .debug_macro   0x00017ad7       0x20 Drivers/STM32F3xx_HAL_Driver/Src/stm32f3xx_hal.o
 .debug_macro   0x00017af7      0x187 Drivers/STM32F3xx_HAL_Driver/Src/stm32f3xx_hal.o
 .debug_macro   0x00017c7e       0x10 Drivers/STM32F3xx_HAL_Driver/Src/stm32f3xx_hal.o
 .debug_macro   0x00017c8e       0x1c Drivers/STM32F3xx_HAL_Driver/Src/stm32f3xx_hal.o
 .debug_macro   0x00017caa       0x52 Drivers/STM32F3xx_HAL_Driver/Src/stm32f3xx_hal.o
 .debug_macro   0x00017cfc       0x40 Drivers/STM32F3xx_HAL_Driver/Src/stm32f3xx_hal.o
 .debug_macro   0x00017d3c       0x10 Drivers/STM32F3xx_HAL_Driver/Src/stm32f3xx_hal.o
 .debug_macro   0x00017d4c       0x40 Drivers/STM32F3xx_HAL_Driver/Src/stm32f3xx_hal.o
 .debug_macro   0x00017d8c       0xd7 Drivers/STM32F3xx_HAL_Driver/Src/stm32f3xx_hal.o
 .debug_macro   0x00017e63       0x16 Drivers/STM32F3xx_HAL_Driver/Src/stm32f3xx_hal.o
 .debug_macro   0x00017e79      0x18b Drivers/STM32F3xx_HAL_Driver/Src/stm32f3xx_hal.o
 .debug_macro   0x00018004       0x49 Drivers/STM32F3xx_HAL_Driver/Src/stm32f3xx_hal.o
 .debug_macro   0x0001804d      0x8ff Drivers/STM32F3xx_HAL_Driver/Src/stm32f3xx_hal.o
 .debug_macro   0x0001894c      0x358 Drivers/STM32F3xx_HAL_Driver/Src/stm32f3xx_hal.o
 .debug_macro   0x00018ca4      0x13a Drivers/STM32F3xx_HAL_Driver/Src/stm32f3xx_hal.o
 .debug_macro   0x00018dde      0x130 Drivers/STM32F3xx_HAL_Driver/Src/stm32f3xx_hal.o
 .debug_macro   0x00018f0e      0x1bc Drivers/STM32F3xx_HAL_Driver/Src/stm32f3xx_hal.o
 .debug_macro   0x000190ca       0x34 Drivers/STM32F3xx_HAL_Driver/Src/stm32f3xx_hal.o
 .debug_macro   0x000190fe       0x3c Drivers/STM32F3xx_HAL_Driver/Src/stm32f3xx_hal.o
 .debug_macro   0x0001913a       0x57 Drivers/STM32F3xx_HAL_Driver/Src/stm32f3xx_hal.o
 .debug_macro   0x00019191      0x84c Drivers/STM32F3xx_HAL_Driver/Src/stm32f3xx_hal.o
 .debug_macro   0x000199dd       0x77 Drivers/STM32F3xx_HAL_Driver/Src/stm32f3xx_hal.o
 .debug_macro   0x00019a54      0x391 Drivers/STM32F3xx_HAL_Driver/Src/stm32f3xx_hal.o
 .debug_macro   0x00019de5       0xcb Drivers/STM32F3xx_HAL_Driver/Src/stm32f3xx_hal.o
 .debug_macro   0x00019eb0      0x1a0 Drivers/STM32F3xx_HAL_Driver/Src/stm32f3xx_hal.o
 .debug_macro   0x0001a050      0x209 Drivers/STM32F3xx_HAL_Driver/Src/stm32f3xx_hal.o
 .debug_macro   0x0001a259       0x5b Drivers/STM32F3xx_HAL_Driver/Src/stm32f3xx_hal.o
 .debug_macro   0x0001a2b4       0x90 Drivers/STM32F3xx_HAL_Driver/Src/stm32f3xx_hal.o
 .debug_macro   0x0001a344       0x82 Drivers/STM32F3xx_HAL_Driver/Src/stm32f3xx_hal.o
 .debug_macro   0x0001a3c6       0xd3 Drivers/STM32F3xx_HAL_Driver/Src/stm32f3xx_hal.o
 .debug_macro   0x0001a499      0x2e9 Drivers/STM32F3xx_HAL_Driver/Src/stm32f3xx_hal.o
 .debug_macro   0x0001a782      0x2a8 Drivers/STM32F3xx_HAL_Driver/Src/stm32f3xx_hal.o
 .debug_macro   0x0001aa2a      0x34e Drivers/STM32F3xx_HAL_Driver/Src/stm32f3xx_hal_adc_ex.o
 .debug_macro   0x0001ad78      0x32b Drivers/STM32F3xx_HAL_Driver/Src/stm32f3xx_hal_can.o
 .debug_macro   0x0001b0a3      0x324 Drivers/STM32F3xx_HAL_Driver/Src/stm32f3xx_hal_cortex.o
 .debug_macro   0x0001b3c7      0x35c Drivers/STM32F3xx_HAL_Driver/Src/stm32f3xx_hal_gpio.o
 .debug_macro   0x0001b723      0x348 Drivers/STM32F3xx_HAL_Driver/Src/stm32f3xx_hal_rcc.o
 .debug_macro   0x0001ba6b      0x324 Drivers/STM32F3xx_HAL_Driver/Src/stm32f3xx_hal_rcc_ex.o
 .debug_macro   0x0001bd8f      0x32c Drivers/STM32F3xx_HAL_Driver/Src/stm32f3xx_hal_spi.o
 .debug_macro   0x0001c0bb      0x32e Src/ltc_68xx.o
 .debug_macro   0x0001c3e9      0x3aa Src/main.o
 .debug_macro   0x0001c793       0x16 Src/main.o
 .debug_macro   0x0001c7a9       0x35 Src/main.o
 .debug_macro   0x0001c7de       0x16 Src/main.o
 .debug_macro   0x0001c7f4       0x16 Src/main.o
 .debug_macro   0x0001c80a       0x29 Src/main.o
 .debug_macro   0x0001c833       0x10 Src/main.o
 .debug_macro   0x0001c843      0x45d Src/main.o
 .debug_macro   0x0001cca0      0x324 Src/stm32f3xx_hal_msp.o
 .debug_macro   0x0001cfc4      0x32e Src/stm32f3xx_it.o
 .debug_macro   0x0001d2f2      0x32a Src/system_stm32f3xx.o

.debug_line     0x00000000     0x95b6
 .debug_line    0x00000000      0x9aa Drivers/STM32F3xx_HAL_Driver/Src/stm32f3xx_hal.o
 .debug_line    0x000009aa     0x15e4 Drivers/STM32F3xx_HAL_Driver/Src/stm32f3xx_hal_adc_ex.o
 .debug_line    0x00001f8e      0xd82 Drivers/STM32F3xx_HAL_Driver/Src/stm32f3xx_hal_can.o
 .debug_line    0x00002d10      0x989 Drivers/STM32F3xx_HAL_Driver/Src/stm32f3xx_hal_cortex.o
 .debug_line    0x00003699      0x92f Drivers/STM32F3xx_HAL_Driver/Src/stm32f3xx_hal_gpio.o
 .debug_line    0x00003fc8      0xc92 Drivers/STM32F3xx_HAL_Driver/Src/stm32f3xx_hal_rcc.o
 .debug_line    0x00004c5a      0x983 Drivers/STM32F3xx_HAL_Driver/Src/stm32f3xx_hal_rcc_ex.o
 .debug_line    0x000055dd     0x12e8 Drivers/STM32F3xx_HAL_Driver/Src/stm32f3xx_hal_spi.o
 .debug_line    0x000068c5      0x993 Src/ltc_68xx.o
 .debug_line    0x00007258      0xa16 Src/main.o
 .debug_line    0x00007c6e      0x867 Src/stm32f3xx_hal_msp.o
 .debug_line    0x000084d5      0x85f Src/stm32f3xx_it.o
 .debug_line    0x00008d34      0x803 Src/system_stm32f3xx.o
 .debug_line    0x00009537       0x7f startup/startup_stm32f334x8.o

.debug_str      0x00000000    0xa3485
 .debug_str     0x00000000    0x9fb60 Drivers/STM32F3xx_HAL_Driver/Src/stm32f3xx_hal.o
                              0x9fe9b (size before relaxing)
 .debug_str     0x0009fb60      0xcf5 Drivers/STM32F3xx_HAL_Driver/Src/stm32f3xx_hal_adc_ex.o
                              0xa041e (size before relaxing)
 .debug_str     0x000a0855      0x4ce Drivers/STM32F3xx_HAL_Driver/Src/stm32f3xx_hal_can.o
                              0x9fc0b (size before relaxing)
 .debug_str     0x000a0d23      0x2af Drivers/STM32F3xx_HAL_Driver/Src/stm32f3xx_hal_cortex.o
                              0x9fdad (size before relaxing)
 .debug_str     0x000a0fd2      0x2d6 Drivers/STM32F3xx_HAL_Driver/Src/stm32f3xx_hal_gpio.o
                              0x9f9fa (size before relaxing)
 .debug_str     0x000a12a8      0x3fe Drivers/STM32F3xx_HAL_Driver/Src/stm32f3xx_hal_rcc.o
                              0x9fb92 (size before relaxing)
 .debug_str     0x000a16a6      0x194 Drivers/STM32F3xx_HAL_Driver/Src/stm32f3xx_hal_rcc_ex.o
                              0x9f8ec (size before relaxing)
 .debug_str     0x000a183a      0x73a Drivers/STM32F3xx_HAL_Driver/Src/stm32f3xx_hal_spi.o
                              0x9ffeb (size before relaxing)
 .debug_str     0x000a1f74      0x191 Src/ltc_68xx.o
                              0x9fc1f (size before relaxing)
 .debug_str     0x000a2105     0x1249 Src/main.o
                              0xa1ae3 (size before relaxing)
 .debug_str     0x000a334e       0x1b Src/stm32f3xx_hal_msp.o
                              0xa03ab (size before relaxing)
 .debug_str     0x000a3369       0xb8 Src/stm32f3xx_it.o
                              0x9f6e7 (size before relaxing)
 .debug_str     0x000a3421       0x64 Src/system_stm32f3xx.o
                              0x9f72b (size before relaxing)

.comment        0x00000000       0x7f
 .comment       0x00000000       0x7f Drivers/STM32F3xx_HAL_Driver/Src/stm32f3xx_hal.o
                                 0x80 (size before relaxing)
 .comment       0x0000007f       0x80 Drivers/STM32F3xx_HAL_Driver/Src/stm32f3xx_hal_adc_ex.o
 .comment       0x0000007f       0x80 Drivers/STM32F3xx_HAL_Driver/Src/stm32f3xx_hal_can.o
 .comment       0x0000007f       0x80 Drivers/STM32F3xx_HAL_Driver/Src/stm32f3xx_hal_cortex.o
 .comment       0x0000007f       0x80 Drivers/STM32F3xx_HAL_Driver/Src/stm32f3xx_hal_gpio.o
 .comment       0x0000007f       0x80 Drivers/STM32F3xx_HAL_Driver/Src/stm32f3xx_hal_rcc.o
 .comment       0x0000007f       0x80 Drivers/STM32F3xx_HAL_Driver/Src/stm32f3xx_hal_rcc_ex.o
 .comment       0x0000007f       0x80 Drivers/STM32F3xx_HAL_Driver/Src/stm32f3xx_hal_spi.o
 .comment       0x0000007f       0x80 Src/ltc_68xx.o
 .comment       0x0000007f       0x80 Src/main.o
 .comment       0x0000007f       0x80 Src/stm32f3xx_hal_msp.o
 .comment       0x0000007f       0x80 Src/stm32f3xx_it.o
 .comment       0x0000007f       0x80 Src/system_stm32f3xx.o

.debug_frame    0x00000000     0x16fc
 .debug_frame   0x00000000      0x1cc Drivers/STM32F3xx_HAL_Driver/Src/stm32f3xx_hal.o
 .debug_frame   0x000001cc      0x4a0 Drivers/STM32F3xx_HAL_Driver/Src/stm32f3xx_hal_adc_ex.o
 .debug_frame   0x0000066c      0x208 Drivers/STM32F3xx_HAL_Driver/Src/stm32f3xx_hal_can.o
 .debug_frame   0x00000874      0x12c Drivers/STM32F3xx_HAL_Driver/Src/stm32f3xx_hal_cortex.o
 .debug_frame   0x000009a0       0xd0 Drivers/STM32F3xx_HAL_Driver/Src/stm32f3xx_hal_gpio.o
 .debug_frame   0x00000a70      0x150 Drivers/STM32F3xx_HAL_Driver/Src/stm32f3xx_hal_rcc.o
 .debug_frame   0x00000bc0       0x7c Drivers/STM32F3xx_HAL_Driver/Src/stm32f3xx_hal_rcc_ex.o
 .debug_frame   0x00000c3c      0x5b8 Drivers/STM32F3xx_HAL_Driver/Src/stm32f3xx_hal_spi.o
 .debug_frame   0x000011f4      0x14c Src/ltc_68xx.o
 .debug_frame   0x00001340       0xd0 Src/main.o
 .debug_frame   0x00001410       0xc8 Src/stm32f3xx_hal_msp.o
 .debug_frame   0x000014d8       0xa8 Src/stm32f3xx_it.o
 .debug_frame   0x00001580       0x30 Src/system_stm32f3xx.o
 .debug_frame   0x000015b0       0xac c:/ac6/systemworkbench/plugins/fr.ac6.mcu.externaltools.arm-none.win32_1.15.0.201708311556/tools/compiler/bin/../lib/gcc/arm-none-eabi/6.3.1/thumb/v7e-m/fpv4-sp/hard\libgcc.a(_arm_addsubdf3.o)
 .debug_frame   0x0000165c       0x50 c:/ac6/systemworkbench/plugins/fr.ac6.mcu.externaltools.arm-none.win32_1.15.0.201708311556/tools/compiler/bin/../lib/gcc/arm-none-eabi/6.3.1/thumb/v7e-m/fpv4-sp/hard\libgcc.a(_arm_muldivdf3.o)
 .debug_frame   0x000016ac       0x24 c:/ac6/systemworkbench/plugins/fr.ac6.mcu.externaltools.arm-none.win32_1.15.0.201708311556/tools/compiler/bin/../lib/gcc/arm-none-eabi/6.3.1/thumb/v7e-m/fpv4-sp/hard\libgcc.a(_arm_truncdfsf2.o)
 .debug_frame   0x000016d0       0x2c c:/ac6/systemworkbench/plugins/fr.ac6.mcu.externaltools.arm-none.win32_1.15.0.201708311556/tools/compiler/bin/../lib/gcc/arm-none-eabi/6.3.1/../../../../arm-none-eabi/lib/thumb/v7e-m/fpv4-sp/hard\libc_nano.a(lib_a-init.o)
